[debug] [2025-10-22T11:46:33.395Z] ----------------------------------------------------------------------
[debug] [2025-10-22T11:46:33.396Z] Command:       /usr/local/bin/node /Users/estebansequeda/react-node-firebase/node_modules/.bin/firebase init functions
[debug] [2025-10-22T11:46:33.396Z] CLI Version:   14.20.0
[debug] [2025-10-22T11:46:33.396Z] Platform:      darwin
[debug] [2025-10-22T11:46:33.396Z] Node Version:  v22.18.0
[debug] [2025-10-22T11:46:33.397Z] Time:          Wed Oct 22 2025 06:46:33 GMT-0500 (Colombia Standard Time)
[debug] [2025-10-22T11:46:33.397Z] ----------------------------------------------------------------------
[debug] 
[info] 
     ######## #### ########  ######## ########     ###     ######  ########
     ##        ##  ##     ## ##       ##     ##  ##   ##  ##       ##
     ######    ##  ########  ######   ########  #########  ######  ######
     ##        ##  ##    ##  ##       ##     ## ##     ##       ## ##
     ##       #### ##     ## ######## ########  ##     ##  ######  ########

You're about to initialize a Firebase project in this directory:

  /Users/estebansequeda/react-node-firebase

[info] 
=== Project Setup
[info] 
[info] First, let's associate this project directory with a Firebase project.
[info] You can create multiple project aliases by running firebase use --add, 
[info] 
